// Jest Snapshot v1, https://goo.gl/fbAQLP

exports[`Connected React-Redux Component Example should render with given state from Redux store 1`] = `
Object {
  "asFragment": [Function],
  "baseElement": <body>
    <div>
      <div>
        <label
          for="filter"
        >
          Filter
          <select
            id="filter"
          >
            <option
              value="SHOW_ALL"
            >
              All
            </option>
            <option
              value="SHOW_HANDSOME"
            >
              Handsome
            </option>
            <option
              value="SHOW_BEAUTIFUL"
            >
              Beautiful
            </option>
          </select>
        </label>
        <ul
          data-testid="example-list"
        />
      </div>
    </div>
  </body>,
  "container": <div>
    <div>
      <label
        for="filter"
      >
        Filter
        <select
          id="filter"
        >
          <option
            value="SHOW_ALL"
          >
            All
          </option>
          <option
            value="SHOW_HANDSOME"
          >
            Handsome
          </option>
          <option
            value="SHOW_BEAUTIFUL"
          >
            Beautiful
          </option>
        </select>
      </label>
      <ul
        data-testid="example-list"
      />
    </div>
  </div>,
  "debug": [Function],
  "findAllByAltText": [Function],
  "findAllByDisplayValue": [Function],
  "findAllByLabelText": [Function],
  "findAllByPlaceholderText": [Function],
  "findAllByRole": [Function],
  "findAllByTestId": [Function],
  "findAllByText": [Function],
  "findAllByTitle": [Function],
  "findByAltText": [Function],
  "findByDisplayValue": [Function],
  "findByLabelText": [Function],
  "findByPlaceholderText": [Function],
  "findByRole": [Function],
  "findByTestId": [Function],
  "findByText": [Function],
  "findByTitle": [Function],
  "getAllByAltText": [Function],
  "getAllByDisplayValue": [Function],
  "getAllByLabelText": [Function],
  "getAllByPlaceholderText": [Function],
  "getAllByRole": [Function],
  "getAllByTestId": [Function],
  "getAllByText": [Function],
  "getAllByTitle": [Function],
  "getByAltText": [Function],
  "getByDisplayValue": [Function],
  "getByLabelText": [Function],
  "getByPlaceholderText": [Function],
  "getByRole": [Function],
  "getByTestId": [Function],
  "getByText": [Function],
  "getByTitle": [Function],
  "queryAllByAltText": [Function],
  "queryAllByDisplayValue": [Function],
  "queryAllByLabelText": [Function],
  "queryAllByPlaceholderText": [Function],
  "queryAllByRole": [Function],
  "queryAllByTestId": [Function],
  "queryAllByText": [Function],
  "queryAllByTitle": [Function],
  "queryByAltText": [Function],
  "queryByDisplayValue": [Function],
  "queryByLabelText": [Function],
  "queryByPlaceholderText": [Function],
  "queryByRole": [Function],
  "queryByTestId": [Function],
  "queryByText": [Function],
  "queryByTitle": [Function],
  "rerender": [Function],
  "unmount": [Function],
}
`;
